// Jest Snapshot v1, https://goo.gl/fbAQLP

exports[`components/atoms/mdx/LinkCard snapshot 1`] = `
<div
  className="p-4 my-8 dark:text-white border border-gray-300 dark:border-gray-700"
>
  <article
    className="flex flex-row max-h-36 "
  >
    <a
      href="/articles/1"
      onClick={[Function]}
      onMouseEnter={[Function]}
    >
      <div
        className="flex-shrink-0 mt-1 mr-4 min-w-[max-content]"
      >
        <span
          style={
            Object {
              "background": "none",
              "border": 0,
              "boxSizing": "border-box",
              "display": "inline-block",
              "height": "initial",
              "margin": 0,
              "maxWidth": "100%",
              "opacity": 1,
              "overflow": "hidden",
              "padding": 0,
              "position": "relative",
              "width": "initial",
            }
          }
        >
          <span
            style={
              Object {
                "background": "none",
                "border": 0,
                "boxSizing": "border-box",
                "display": "block",
                "height": "initial",
                "margin": 0,
                "maxWidth": "100%",
                "opacity": 1,
                "padding": 0,
                "width": "initial",
              }
            }
          >
            <img
              alt=""
              aria-hidden={true}
              src="data:image/svg+xml;base64,PHN2ZyB3aWR0aD0iNDgiIGhlaWdodD0iNDgiIHhtbG5zPSJodHRwOi8vd3d3LnczLm9yZy8yMDAwL3N2ZyIgdmVyc2lvbj0iMS4xIi8+"
              style={
                Object {
                  "background": "none",
                  "border": 0,
                  "display": "block",
                  "height": "initial",
                  "margin": 0,
                  "maxWidth": "100%",
                  "opacity": 1,
                  "padding": 0,
                  "width": "initial",
                }
              }
            />
          </span>
          <img
            alt="基本の一番だしの作り方"
            data-nimg="intrinsic"
            decoding="async"
            src="data:image/gif;base64,R0lGODlhAQABAIAAAAAAAP///yH5BAEAAAAALAAAAAABAAEAAAIBRAA7"
            style={
              Object {
                "border": "none",
                "bottom": 0,
                "boxSizing": "border-box",
                "display": "block",
                "height": 0,
                "left": 0,
                "margin": "auto",
                "maxHeight": "100%",
                "maxWidth": "100%",
                "minHeight": "100%",
                "minWidth": "100%",
                "objectFit": "cover",
                "objectPosition": undefined,
                "padding": 0,
                "position": "absolute",
                "right": 0,
                "top": 0,
                "width": 0,
              }
            }
          />
          <noscript>
            <img
              alt="基本の一番だしの作り方"
              data-nimg="intrinsic"
              decoding="async"
              loading="lazy"
              src="/_next/image?url=%2Fimages%2F5026416_s.jpg&w=96&q=75"
              srcSet="/_next/image?url=%2Fimages%2F5026416_s.jpg&w=48&q=75 1x, /_next/image?url=%2Fimages%2F5026416_s.jpg&w=96&q=75 2x"
              style={
                Object {
                  "border": "none",
                  "bottom": 0,
                  "boxSizing": "border-box",
                  "display": "block",
                  "height": 0,
                  "left": 0,
                  "margin": "auto",
                  "maxHeight": "100%",
                  "maxWidth": "100%",
                  "minHeight": "100%",
                  "minWidth": "100%",
                  "objectFit": "cover",
                  "objectPosition": undefined,
                  "padding": 0,
                  "position": "absolute",
                  "right": 0,
                  "top": 0,
                  "width": 0,
                }
              }
            />
          </noscript>
        </span>
      </div>
    </a>
    <div
      className="flex flex-col flex-grow"
    >
      <a
        href="/articles/1"
        onClick={[Function]}
        onMouseEnter={[Function]}
      >
        基本の一番だしの作り方
      </a>
      <div
        className="flex-grow"
      >
        <div
          className="flex flex-wrap gap-x-2 gap-y-1"
        >
          <a
            href="/articles/tags/preparation"
            onClick={[Function]}
            onMouseEnter={[Function]}
          >
            <span
              className="inline-block text-sm leading-tight text-gray-600 dark:text-gray-300"
            >
              #仕込み
            </span>
          </a>
          <a
            href="/articles/tags/miso_soup"
            onClick={[Function]}
            onMouseEnter={[Function]}
          >
            <span
              className="inline-block text-sm leading-tight text-gray-600 dark:text-gray-300"
            >
              #味噌汁
            </span>
          </a>
          <a
            href="/articles/tags/udon"
            onClick={[Function]}
            onMouseEnter={[Function]}
          >
            <span
              className="inline-block text-sm leading-tight text-gray-600 dark:text-gray-300"
            >
              #うどん
            </span>
          </a>
        </div>
      </div>
    </div>
  </article>
</div>
`;
