// Jest Snapshot v1, https://goo.gl/fbAQLP

exports[`components/organisms/SlickContainer snapshot 1`] = `
<section>
  <div
    className="flex flex-row gap-2 items-center pl-1 mb-2"
  >
    <a
      href="/"
      onClick={[Function]}
      onMouseEnter={[Function]}
    >
      <div
        className="flex flex-row gap-2 items-center text-xl"
      >
        <svg
          fill="currentColor"
          height="1em"
          stroke="currentColor"
          strokeWidth="0"
          style={
            Object {
              "color": undefined,
            }
          }
          viewBox="0 0 512 512"
          width="1em"
          xmlns="http://www.w3.org/2000/svg"
        >
          <path
            d="M320 32H192a32 32 0 00-32 32v412a4 4 0 004 4h184a4 4 0 004-4V64a32 32 0 00-32-32zm144 160h-72a8 8 0 00-8 8v272a8 8 0 008 8h80a24 24 0 0024-24V224a32 32 0 00-32-32zM48 128a32 32 0 00-32 32v296a24 24 0 0024 24h80a8 8 0 008-8V136a8 8 0 00-8-8z"
          />
        </svg>
        <h2
          className="font-bold"
        >
          title
        </h2>
      </div>
    </a>
    <span
      className="flex-1 text-sm text-center break-words"
    >
      description
    </span>
  </div>
  <div>
    Children
  </div>
</section>
`;
