// Jest Snapshot v1, https://goo.gl/fbAQLP

exports[`components/atoms/buttons/ButtonCategory snapshot 1`] = `
<a
  href="/articles/categories/rice"
  onClick={[Function]}
  onMouseEnter={[Function]}
>
  <div
    className="inline-block py-1 px-2 text-black dark:text-white rounded-lg border-2 border-gray-700 dark:border-gray-300"
  >
    ご飯物
  </div>
</a>
`;
