// Jest Snapshot v1, https://goo.gl/fbAQLP

exports[`components/molecules/ArticleList snapshot 1`] = `
<ul
  className="space-y-12"
>
  <li>
    <article>
      <div
        className="mb-4"
      >
        <a
          aria-label="基本の一番だしの作り方"
          href="/articles/1"
          onClick={[Function]}
          onMouseEnter={[Function]}
        >
          <span
            style={
              Object {
                "background": "none",
                "border": 0,
                "boxSizing": "border-box",
                "display": "inline-block",
                "height": "initial",
                "margin": 0,
                "maxWidth": "100%",
                "opacity": 1,
                "overflow": "hidden",
                "padding": 0,
                "position": "relative",
                "width": "initial",
              }
            }
          >
            <span
              style={
                Object {
                  "background": "none",
                  "border": 0,
                  "boxSizing": "border-box",
                  "display": "block",
                  "height": "initial",
                  "margin": 0,
                  "maxWidth": "100%",
                  "opacity": 1,
                  "padding": 0,
                  "width": "initial",
                }
              }
            >
              <img
                alt=""
                aria-hidden={true}
                src="data:image/svg+xml;base64,PHN2ZyB3aWR0aD0iNjQwIiBoZWlnaHQ9IjM2MCIgeG1sbnM9Imh0dHA6Ly93d3cudzMub3JnLzIwMDAvc3ZnIiB2ZXJzaW9uPSIxLjEiLz4="
                style={
                  Object {
                    "background": "none",
                    "border": 0,
                    "display": "block",
                    "height": "initial",
                    "margin": 0,
                    "maxWidth": "100%",
                    "opacity": 1,
                    "padding": 0,
                    "width": "initial",
                  }
                }
              />
            </span>
            <img
              alt="Cover Image for 基本の一番だしの作り方"
              data-nimg="intrinsic"
              decoding="async"
              src="data:image/gif;base64,R0lGODlhAQABAIAAAAAAAP///yH5BAEAAAAALAAAAAABAAEAAAIBRAA7"
              style={
                Object {
                  "border": "none",
                  "bottom": 0,
                  "boxSizing": "border-box",
                  "display": "block",
                  "height": 0,
                  "left": 0,
                  "margin": "auto",
                  "maxHeight": "100%",
                  "maxWidth": "100%",
                  "minHeight": "100%",
                  "minWidth": "100%",
                  "objectFit": "cover",
                  "objectPosition": undefined,
                  "padding": 0,
                  "position": "absolute",
                  "right": 0,
                  "top": 0,
                  "width": 0,
                }
              }
            />
            <noscript>
              <img
                alt="Cover Image for 基本の一番だしの作り方"
                data-nimg="intrinsic"
                decoding="async"
                loading="lazy"
                src="/_next/image?url=%2Fimages%2F5026416_s.jpg&w=1920&q=75"
                srcSet="/_next/image?url=%2Fimages%2F5026416_s.jpg&w=640&q=75 1x, /_next/image?url=%2Fimages%2F5026416_s.jpg&w=1920&q=75 2x"
                style={
                  Object {
                    "border": "none",
                    "bottom": 0,
                    "boxSizing": "border-box",
                    "display": "block",
                    "height": 0,
                    "left": 0,
                    "margin": "auto",
                    "maxHeight": "100%",
                    "maxWidth": "100%",
                    "minHeight": "100%",
                    "minWidth": "100%",
                    "objectFit": "cover",
                    "objectPosition": undefined,
                    "padding": 0,
                    "position": "absolute",
                    "right": 0,
                    "top": 0,
                    "width": 0,
                  }
                }
              />
            </noscript>
          </span>
        </a>
      </div>
      <h2
        className="mb-4 text-2xl font-bold"
      >
        <a
          href="/articles/1"
          onClick={[Function]}
          onMouseEnter={[Function]}
        >
          基本の一番だしの作り方
        </a>
      </h2>
      <p
        className="dark:text-gray-300 line-clamp-2"
      >
        だし昆布と鰹節（削り節）から取った出汁は、味噌汁、そば、うどん、煮物、鍋料理など、多くの和食に使用できます。
      </p>
    </article>
  </li>
  <li>
    <article>
      <div
        className="mb-4"
      >
        <a
          aria-label="新玉ねぎとトマトのシンプルサラダの作り方"
          href="/articles/2"
          onClick={[Function]}
          onMouseEnter={[Function]}
        >
          <span
            style={
              Object {
                "background": "none",
                "border": 0,
                "boxSizing": "border-box",
                "display": "inline-block",
                "height": "initial",
                "margin": 0,
                "maxWidth": "100%",
                "opacity": 1,
                "overflow": "hidden",
                "padding": 0,
                "position": "relative",
                "width": "initial",
              }
            }
          >
            <span
              style={
                Object {
                  "background": "none",
                  "border": 0,
                  "boxSizing": "border-box",
                  "display": "block",
                  "height": "initial",
                  "margin": 0,
                  "maxWidth": "100%",
                  "opacity": 1,
                  "padding": 0,
                  "width": "initial",
                }
              }
            >
              <img
                alt=""
                aria-hidden={true}
                src="data:image/svg+xml;base64,PHN2ZyB3aWR0aD0iNjQwIiBoZWlnaHQ9IjM2MCIgeG1sbnM9Imh0dHA6Ly93d3cudzMub3JnLzIwMDAvc3ZnIiB2ZXJzaW9uPSIxLjEiLz4="
                style={
                  Object {
                    "background": "none",
                    "border": 0,
                    "display": "block",
                    "height": "initial",
                    "margin": 0,
                    "maxWidth": "100%",
                    "opacity": 1,
                    "padding": 0,
                    "width": "initial",
                  }
                }
              />
            </span>
            <img
              alt="Cover Image for 新玉ねぎとトマトのシンプルサラダの作り方"
              data-nimg="intrinsic"
              decoding="async"
              src="data:image/gif;base64,R0lGODlhAQABAIAAAAAAAP///yH5BAEAAAAALAAAAAABAAEAAAIBRAA7"
              style={
                Object {
                  "border": "none",
                  "bottom": 0,
                  "boxSizing": "border-box",
                  "display": "block",
                  "height": 0,
                  "left": 0,
                  "margin": "auto",
                  "maxHeight": "100%",
                  "maxWidth": "100%",
                  "minHeight": "100%",
                  "minWidth": "100%",
                  "objectFit": "cover",
                  "objectPosition": undefined,
                  "padding": 0,
                  "position": "absolute",
                  "right": 0,
                  "top": 0,
                  "width": 0,
                }
              }
            />
            <noscript>
              <img
                alt="Cover Image for 新玉ねぎとトマトのシンプルサラダの作り方"
                data-nimg="intrinsic"
                decoding="async"
                loading="lazy"
                src="/_next/image?url=%2Fimages%2F2996666_s.jpg&w=1920&q=75"
                srcSet="/_next/image?url=%2Fimages%2F2996666_s.jpg&w=640&q=75 1x, /_next/image?url=%2Fimages%2F2996666_s.jpg&w=1920&q=75 2x"
                style={
                  Object {
                    "border": "none",
                    "bottom": 0,
                    "boxSizing": "border-box",
                    "display": "block",
                    "height": 0,
                    "left": 0,
                    "margin": "auto",
                    "maxHeight": "100%",
                    "maxWidth": "100%",
                    "minHeight": "100%",
                    "minWidth": "100%",
                    "objectFit": "cover",
                    "objectPosition": undefined,
                    "padding": 0,
                    "position": "absolute",
                    "right": 0,
                    "top": 0,
                    "width": 0,
                  }
                }
              />
            </noscript>
          </span>
        </a>
      </div>
      <h2
        className="mb-4 text-2xl font-bold"
      >
        <a
          href="/articles/2"
          onClick={[Function]}
          onMouseEnter={[Function]}
        >
          新玉ねぎとトマトのシンプルサラダの作り方
        </a>
      </h2>
      <p
        className="dark:text-gray-300 line-clamp-2"
      >
        スライストマトに、たっぷりのサラダ玉ねぎと大葉を乗せ、オリーブオイル、ポン酢、醤油、にんにくで作った特製ドレッシングをかけるだけの簡単・極旨サラダです。
      </p>
    </article>
  </li>
  <li>
    <article>
      <div
        className="mb-4"
      >
        <a
          aria-label="栄養たっぷり小松菜と油揚げのおひたしの作り方"
          href="/articles/3"
          onClick={[Function]}
          onMouseEnter={[Function]}
        >
          <span
            style={
              Object {
                "background": "none",
                "border": 0,
                "boxSizing": "border-box",
                "display": "inline-block",
                "height": "initial",
                "margin": 0,
                "maxWidth": "100%",
                "opacity": 1,
                "overflow": "hidden",
                "padding": 0,
                "position": "relative",
                "width": "initial",
              }
            }
          >
            <span
              style={
                Object {
                  "background": "none",
                  "border": 0,
                  "boxSizing": "border-box",
                  "display": "block",
                  "height": "initial",
                  "margin": 0,
                  "maxWidth": "100%",
                  "opacity": 1,
                  "padding": 0,
                  "width": "initial",
                }
              }
            >
              <img
                alt=""
                aria-hidden={true}
                src="data:image/svg+xml;base64,PHN2ZyB3aWR0aD0iNjQwIiBoZWlnaHQ9IjM2MCIgeG1sbnM9Imh0dHA6Ly93d3cudzMub3JnLzIwMDAvc3ZnIiB2ZXJzaW9uPSIxLjEiLz4="
                style={
                  Object {
                    "background": "none",
                    "border": 0,
                    "display": "block",
                    "height": "initial",
                    "margin": 0,
                    "maxWidth": "100%",
                    "opacity": 1,
                    "padding": 0,
                    "width": "initial",
                  }
                }
              />
            </span>
            <img
              alt="Cover Image for 栄養たっぷり小松菜と油揚げのおひたしの作り方"
              data-nimg="intrinsic"
              decoding="async"
              src="data:image/gif;base64,R0lGODlhAQABAIAAAAAAAP///yH5BAEAAAAALAAAAAABAAEAAAIBRAA7"
              style={
                Object {
                  "border": "none",
                  "bottom": 0,
                  "boxSizing": "border-box",
                  "display": "block",
                  "height": 0,
                  "left": 0,
                  "margin": "auto",
                  "maxHeight": "100%",
                  "maxWidth": "100%",
                  "minHeight": "100%",
                  "minWidth": "100%",
                  "objectFit": "cover",
                  "objectPosition": undefined,
                  "padding": 0,
                  "position": "absolute",
                  "right": 0,
                  "top": 0,
                  "width": 0,
                }
              }
            />
            <noscript>
              <img
                alt="Cover Image for 栄養たっぷり小松菜と油揚げのおひたしの作り方"
                data-nimg="intrinsic"
                decoding="async"
                loading="lazy"
                src="/_next/image?url=%2Fimages%2F4966941_s.jpg&w=1920&q=75"
                srcSet="/_next/image?url=%2Fimages%2F4966941_s.jpg&w=640&q=75 1x, /_next/image?url=%2Fimages%2F4966941_s.jpg&w=1920&q=75 2x"
                style={
                  Object {
                    "border": "none",
                    "bottom": 0,
                    "boxSizing": "border-box",
                    "display": "block",
                    "height": 0,
                    "left": 0,
                    "margin": "auto",
                    "maxHeight": "100%",
                    "maxWidth": "100%",
                    "minHeight": "100%",
                    "minWidth": "100%",
                    "objectFit": "cover",
                    "objectPosition": undefined,
                    "padding": 0,
                    "position": "absolute",
                    "right": 0,
                    "top": 0,
                    "width": 0,
                  }
                }
              />
            </noscript>
          </span>
        </a>
      </div>
      <h2
        className="mb-4 text-2xl font-bold"
      >
        <a
          href="/articles/3"
          onClick={[Function]}
          onMouseEnter={[Function]}
        >
          栄養たっぷり小松菜と油揚げのおひたしの作り方
        </a>
      </h2>
      <p
        className="dark:text-gray-300 line-clamp-2"
      >
        小松菜と油揚げのおひたしは、茹でた子大豆もやしと焼いた油揚げを混ぜた、栄養たっぷりの料理です。かつおぶしを乗せ、オリーブオイル、レモン果汁、醤油をかけてお召し上がりください。前菜やビールのおつまみにピッタリです♪
      </p>
    </article>
  </li>
  <li>
    <article>
      <div
        className="mb-4"
      >
        <a
          aria-label="熊本県産玉ねぎを使った絶品タコライスの作り方"
          href="/articles/4"
          onClick={[Function]}
          onMouseEnter={[Function]}
        >
          <span
            style={
              Object {
                "background": "none",
                "border": 0,
                "boxSizing": "border-box",
                "display": "inline-block",
                "height": "initial",
                "margin": 0,
                "maxWidth": "100%",
                "opacity": 1,
                "overflow": "hidden",
                "padding": 0,
                "position": "relative",
                "width": "initial",
              }
            }
          >
            <span
              style={
                Object {
                  "background": "none",
                  "border": 0,
                  "boxSizing": "border-box",
                  "display": "block",
                  "height": "initial",
                  "margin": 0,
                  "maxWidth": "100%",
                  "opacity": 1,
                  "padding": 0,
                  "width": "initial",
                }
              }
            >
              <img
                alt=""
                aria-hidden={true}
                src="data:image/svg+xml;base64,PHN2ZyB3aWR0aD0iNjQwIiBoZWlnaHQ9IjM2MCIgeG1sbnM9Imh0dHA6Ly93d3cudzMub3JnLzIwMDAvc3ZnIiB2ZXJzaW9uPSIxLjEiLz4="
                style={
                  Object {
                    "background": "none",
                    "border": 0,
                    "display": "block",
                    "height": "initial",
                    "margin": 0,
                    "maxWidth": "100%",
                    "opacity": 1,
                    "padding": 0,
                    "width": "initial",
                  }
                }
              />
            </span>
            <img
              alt="Cover Image for 熊本県産玉ねぎを使った絶品タコライスの作り方"
              data-nimg="intrinsic"
              decoding="async"
              src="data:image/gif;base64,R0lGODlhAQABAIAAAAAAAP///yH5BAEAAAAALAAAAAABAAEAAAIBRAA7"
              style={
                Object {
                  "border": "none",
                  "bottom": 0,
                  "boxSizing": "border-box",
                  "display": "block",
                  "height": 0,
                  "left": 0,
                  "margin": "auto",
                  "maxHeight": "100%",
                  "maxWidth": "100%",
                  "minHeight": "100%",
                  "minWidth": "100%",
                  "objectFit": "cover",
                  "objectPosition": undefined,
                  "padding": 0,
                  "position": "absolute",
                  "right": 0,
                  "top": 0,
                  "width": 0,
                }
              }
            />
            <noscript>
              <img
                alt="Cover Image for 熊本県産玉ねぎを使った絶品タコライスの作り方"
                data-nimg="intrinsic"
                decoding="async"
                loading="lazy"
                src="/_next/image?url=%2Fimages%2F3129120_s.jpg&w=1920&q=75"
                srcSet="/_next/image?url=%2Fimages%2F3129120_s.jpg&w=640&q=75 1x, /_next/image?url=%2Fimages%2F3129120_s.jpg&w=1920&q=75 2x"
                style={
                  Object {
                    "border": "none",
                    "bottom": 0,
                    "boxSizing": "border-box",
                    "display": "block",
                    "height": 0,
                    "left": 0,
                    "margin": "auto",
                    "maxHeight": "100%",
                    "maxWidth": "100%",
                    "minHeight": "100%",
                    "minWidth": "100%",
                    "objectFit": "cover",
                    "objectPosition": undefined,
                    "padding": 0,
                    "position": "absolute",
                    "right": 0,
                    "top": 0,
                    "width": 0,
                  }
                }
              />
            </noscript>
          </span>
        </a>
      </div>
      <h2
        className="mb-4 text-2xl font-bold"
      >
        <a
          href="/articles/4"
          onClick={[Function]}
          onMouseEnter={[Function]}
        >
          熊本県産玉ねぎを使った絶品タコライスの作り方
        </a>
      </h2>
      <p
        className="dark:text-gray-300 line-clamp-2"
      >
        タコライスは沖縄県の料理ですが、今では日本のどこのご家庭でも食されるようになりました。この「絶品タコライス」は、熊本県産の完全無農薬サラダ玉ねぎを使用しており、この玉ねぎの甘さとタコライスに入ったチリパウダーの辛さが口の中で絶妙にマッチします。ご飯ものだけどビールとの相性は抜群！子供たちも大好きな料理です♪
      </p>
    </article>
  </li>
</ul>
`;
