// Jest Snapshot v1, https://goo.gl/fbAQLP

exports[`components/molecules/TOC snapshot 1`] = `
<DocumentFragment>
  <div>
    <div
      class="hidden"
      id="js-toc-content"
    >
      <h2>
        h2
      </h2>
      <h3>
        h3
      </h3>
      <h4>
        h4
      </h4>
      <h5>
        h5
      </h5>
      <h6>
        h6
      </h6>
    </div>
    <section
      class="container p-2 dark:text-white bg-gray-50 dark:bg-gray-700"
    >
      <h2
        class="px-2 pb-2 mb-2 border-b-2"
      >
        目次
      </h2>
      <div
        class="toc"
        id="js-toc"
      >
        <ul
          class="toc-list "
        >
          <li
            class="toc-list-item"
          >
            <a
              class="toc-link node-name--H2 "
              href="#"
            >
              h2
            </a>
            <ul
              class="toc-list  is-collapsible"
            >
              <li
                class="toc-list-item"
              >
                <a
                  class="toc-link node-name--H3 "
                  href="#"
                >
                  h3
                </a>
                <ul
                  class="toc-list  is-collapsible"
                >
                  <li
                    class="toc-list-item"
                  >
                    <a
                      class="toc-link node-name--H4 "
                      href="#"
                    >
                      h4
                    </a>
                    <ul
                      class="toc-list  is-collapsible"
                    >
                      <li
                        class="toc-list-item"
                      >
                        <a
                          class="toc-link node-name--H5 "
                          href="#"
                        >
                          h5
                        </a>
                        <ul
                          class="toc-list  is-collapsible"
                        >
                          <li
                            class="toc-list-item is-active-li"
                          >
                            <a
                              class="toc-link node-name--H6  is-active-link"
                              href="#"
                            >
                              h6
                            </a>
                          </li>
                        </ul>
                      </li>
                    </ul>
                  </li>
                </ul>
              </li>
            </ul>
          </li>
        </ul>
      </div>
    </section>
  </div>
</DocumentFragment>
`;
