// Jest Snapshot v1, https://goo.gl/fbAQLP

exports[`components/organisms/PopularArticleCarousel snapshot 1`] = `
<section>
  <section>
    <div
      className="flex flex-row gap-2 items-center pl-1 mb-2"
    >
      <a
        href="/articles/popular"
        onClick={[Function]}
        onMouseEnter={[Function]}
      >
        <div
          className="flex flex-row gap-2 items-center text-xl"
        >
          <svg
            className="text-yellow-400"
            fill="currentColor"
            height="1em"
            stroke="currentColor"
            strokeWidth="0"
            style={
              Object {
                "color": undefined,
              }
            }
            viewBox="0 0 512 512"
            width="1em"
            xmlns="http://www.w3.org/2000/svg"
          >
            <path
              d="M320 32H192a32 32 0 00-32 32v412a4 4 0 004 4h184a4 4 0 004-4V64a32 32 0 00-32-32zm144 160h-72a8 8 0 00-8 8v272a8 8 0 008 8h80a24 24 0 0024-24V224a32 32 0 00-32-32zM48 128a32 32 0 00-32 32v296a24 24 0 0024 24h80a8 8 0 008-8V136a8 8 0 00-8-8z"
            />
          </svg>
          <h2
            className="font-bold"
          >
            POPULAR
          </h2>
        </div>
      </a>
      <span
        className="flex-1 text-sm text-center break-words"
      >
        人気記事ランキング
      </span>
    </div>
    <div>
      <article
        className="px-2"
      >
        <div
          className="relative"
        >
          <a
            aria-label="基本の一番だしの作り方"
            href="/articles/p97vmuno3jdn"
            onClick={[Function]}
            onMouseEnter={[Function]}
          >
            <span
              style={
                Object {
                  "background": "none",
                  "border": 0,
                  "boxSizing": "border-box",
                  "display": "inline-block",
                  "height": "initial",
                  "margin": 0,
                  "maxWidth": "100%",
                  "opacity": 1,
                  "overflow": "hidden",
                  "padding": 0,
                  "position": "relative",
                  "width": "initial",
                }
              }
            >
              <span
                style={
                  Object {
                    "background": "none",
                    "border": 0,
                    "boxSizing": "border-box",
                    "display": "block",
                    "height": "initial",
                    "margin": 0,
                    "maxWidth": "100%",
                    "opacity": 1,
                    "padding": 0,
                    "width": "initial",
                  }
                }
              >
                <img
                  alt=""
                  aria-hidden={true}
                  src="data:image/svg+xml,%3csvg%20xmlns=%27http://www.w3.org/2000/svg%27%20version=%271.1%27%20width=%27640%27%20height=%27360%27/%3e"
                  style={
                    Object {
                      "background": "none",
                      "border": 0,
                      "display": "block",
                      "height": "initial",
                      "margin": 0,
                      "maxWidth": "100%",
                      "opacity": 1,
                      "padding": 0,
                      "width": "initial",
                    }
                  }
                />
              </span>
              <img
                alt="Cover Image for 基本の一番だしの作り方"
                data-nimg="intrinsic"
                decoding="async"
                onError={[Function]}
                onLoad={[Function]}
                src="data:image/gif;base64,R0lGODlhAQABAIAAAAAAAP///yH5BAEAAAAALAAAAAABAAEAAAIBRAA7"
                style={
                  Object {
                    "border": "none",
                    "bottom": 0,
                    "boxSizing": "border-box",
                    "display": "block",
                    "height": 0,
                    "left": 0,
                    "margin": "auto",
                    "maxHeight": "100%",
                    "maxWidth": "100%",
                    "minHeight": "100%",
                    "minWidth": "100%",
                    "objectFit": "cover",
                    "objectPosition": undefined,
                    "padding": 0,
                    "position": "absolute",
                    "right": 0,
                    "top": 0,
                    "width": 0,
                  }
                }
              />
              <noscript>
                <img
                  alt="Cover Image for 基本の一番だしの作り方"
                  data-nimg="intrinsic"
                  decoding="async"
                  loading="lazy"
                  src="/_next/image?url=%2Fimages%2F5026416_s.jpg&w=1920&q=75"
                  srcSet="/_next/image?url=%2Fimages%2F5026416_s.jpg&w=640&q=75 1x, /_next/image?url=%2Fimages%2F5026416_s.jpg&w=1920&q=75 2x"
                  style={
                    Object {
                      "border": "none",
                      "bottom": 0,
                      "boxSizing": "border-box",
                      "display": "block",
                      "height": 0,
                      "left": 0,
                      "margin": "auto",
                      "maxHeight": "100%",
                      "maxWidth": "100%",
                      "minHeight": "100%",
                      "minWidth": "100%",
                      "objectFit": "cover",
                      "objectPosition": undefined,
                      "padding": 0,
                      "position": "absolute",
                      "right": 0,
                      "top": 0,
                      "width": 0,
                    }
                  }
                />
              </noscript>
            </span>
          </a>
          <div
            className="absolute top-0 left-0 p-2 text-sm font-semibold text-white bg-black/25"
          >
            1
          </div>
          <h3
            className="block absolute bottom-3 p-1 w-full text-sm font-semibold text-white truncate bg-black/25"
          >
            基本の一番だしの作り方
          </h3>
        </div>
      </article>
      <article
        className="px-2"
      >
        <div
          className="relative"
        >
          <a
            aria-label="新玉ねぎとトマトのシンプルサラダの作り方"
            href="/articles/mm8oec5icb"
            onClick={[Function]}
            onMouseEnter={[Function]}
          >
            <span
              style={
                Object {
                  "background": "none",
                  "border": 0,
                  "boxSizing": "border-box",
                  "display": "inline-block",
                  "height": "initial",
                  "margin": 0,
                  "maxWidth": "100%",
                  "opacity": 1,
                  "overflow": "hidden",
                  "padding": 0,
                  "position": "relative",
                  "width": "initial",
                }
              }
            >
              <span
                style={
                  Object {
                    "background": "none",
                    "border": 0,
                    "boxSizing": "border-box",
                    "display": "block",
                    "height": "initial",
                    "margin": 0,
                    "maxWidth": "100%",
                    "opacity": 1,
                    "padding": 0,
                    "width": "initial",
                  }
                }
              >
                <img
                  alt=""
                  aria-hidden={true}
                  src="data:image/svg+xml,%3csvg%20xmlns=%27http://www.w3.org/2000/svg%27%20version=%271.1%27%20width=%27640%27%20height=%27360%27/%3e"
                  style={
                    Object {
                      "background": "none",
                      "border": 0,
                      "display": "block",
                      "height": "initial",
                      "margin": 0,
                      "maxWidth": "100%",
                      "opacity": 1,
                      "padding": 0,
                      "width": "initial",
                    }
                  }
                />
              </span>
              <img
                alt="Cover Image for 新玉ねぎとトマトのシンプルサラダの作り方"
                data-nimg="intrinsic"
                decoding="async"
                onError={[Function]}
                onLoad={[Function]}
                src="data:image/gif;base64,R0lGODlhAQABAIAAAAAAAP///yH5BAEAAAAALAAAAAABAAEAAAIBRAA7"
                style={
                  Object {
                    "border": "none",
                    "bottom": 0,
                    "boxSizing": "border-box",
                    "display": "block",
                    "height": 0,
                    "left": 0,
                    "margin": "auto",
                    "maxHeight": "100%",
                    "maxWidth": "100%",
                    "minHeight": "100%",
                    "minWidth": "100%",
                    "objectFit": "cover",
                    "objectPosition": undefined,
                    "padding": 0,
                    "position": "absolute",
                    "right": 0,
                    "top": 0,
                    "width": 0,
                  }
                }
              />
              <noscript>
                <img
                  alt="Cover Image for 新玉ねぎとトマトのシンプルサラダの作り方"
                  data-nimg="intrinsic"
                  decoding="async"
                  loading="lazy"
                  src="/_next/image?url=%2F2996666_s.jpg&w=1920&q=75"
                  srcSet="/_next/image?url=%2F2996666_s.jpg&w=640&q=75 1x, /_next/image?url=%2F2996666_s.jpg&w=1920&q=75 2x"
                  style={
                    Object {
                      "border": "none",
                      "bottom": 0,
                      "boxSizing": "border-box",
                      "display": "block",
                      "height": 0,
                      "left": 0,
                      "margin": "auto",
                      "maxHeight": "100%",
                      "maxWidth": "100%",
                      "minHeight": "100%",
                      "minWidth": "100%",
                      "objectFit": "cover",
                      "objectPosition": undefined,
                      "padding": 0,
                      "position": "absolute",
                      "right": 0,
                      "top": 0,
                      "width": 0,
                    }
                  }
                />
              </noscript>
            </span>
          </a>
          <div
            className="absolute top-0 left-0 p-2 text-sm font-semibold text-white bg-black/25"
          >
            2
          </div>
          <h3
            className="block absolute bottom-3 p-1 w-full text-sm font-semibold text-white truncate bg-black/25"
          >
            新玉ねぎとトマトのシンプルサラダの作り方
          </h3>
        </div>
      </article>
      <article
        className="px-2"
      >
        <div
          className="relative"
        >
          <a
            aria-label="栄養たっぷり小松菜と油揚げのおひたしの作り方"
            href="/articles/3y-w7i75kmd"
            onClick={[Function]}
            onMouseEnter={[Function]}
          >
            <span
              style={
                Object {
                  "background": "none",
                  "border": 0,
                  "boxSizing": "border-box",
                  "display": "inline-block",
                  "height": "initial",
                  "margin": 0,
                  "maxWidth": "100%",
                  "opacity": 1,
                  "overflow": "hidden",
                  "padding": 0,
                  "position": "relative",
                  "width": "initial",
                }
              }
            >
              <span
                style={
                  Object {
                    "background": "none",
                    "border": 0,
                    "boxSizing": "border-box",
                    "display": "block",
                    "height": "initial",
                    "margin": 0,
                    "maxWidth": "100%",
                    "opacity": 1,
                    "padding": 0,
                    "width": "initial",
                  }
                }
              >
                <img
                  alt=""
                  aria-hidden={true}
                  src="data:image/svg+xml,%3csvg%20xmlns=%27http://www.w3.org/2000/svg%27%20version=%271.1%27%20width=%27640%27%20height=%27360%27/%3e"
                  style={
                    Object {
                      "background": "none",
                      "border": 0,
                      "display": "block",
                      "height": "initial",
                      "margin": 0,
                      "maxWidth": "100%",
                      "opacity": 1,
                      "padding": 0,
                      "width": "initial",
                    }
                  }
                />
              </span>
              <img
                alt="Cover Image for 栄養たっぷり小松菜と油揚げのおひたしの作り方"
                data-nimg="intrinsic"
                decoding="async"
                onError={[Function]}
                onLoad={[Function]}
                src="data:image/gif;base64,R0lGODlhAQABAIAAAAAAAP///yH5BAEAAAAALAAAAAABAAEAAAIBRAA7"
                style={
                  Object {
                    "border": "none",
                    "bottom": 0,
                    "boxSizing": "border-box",
                    "display": "block",
                    "height": 0,
                    "left": 0,
                    "margin": "auto",
                    "maxHeight": "100%",
                    "maxWidth": "100%",
                    "minHeight": "100%",
                    "minWidth": "100%",
                    "objectFit": "cover",
                    "objectPosition": undefined,
                    "padding": 0,
                    "position": "absolute",
                    "right": 0,
                    "top": 0,
                    "width": 0,
                  }
                }
              />
              <noscript>
                <img
                  alt="Cover Image for 栄養たっぷり小松菜と油揚げのおひたしの作り方"
                  data-nimg="intrinsic"
                  decoding="async"
                  loading="lazy"
                  src="/_next/image?url=%2F4966941_s.jpg&w=1920&q=75"
                  srcSet="/_next/image?url=%2F4966941_s.jpg&w=640&q=75 1x, /_next/image?url=%2F4966941_s.jpg&w=1920&q=75 2x"
                  style={
                    Object {
                      "border": "none",
                      "bottom": 0,
                      "boxSizing": "border-box",
                      "display": "block",
                      "height": 0,
                      "left": 0,
                      "margin": "auto",
                      "maxHeight": "100%",
                      "maxWidth": "100%",
                      "minHeight": "100%",
                      "minWidth": "100%",
                      "objectFit": "cover",
                      "objectPosition": undefined,
                      "padding": 0,
                      "position": "absolute",
                      "right": 0,
                      "top": 0,
                      "width": 0,
                    }
                  }
                />
              </noscript>
            </span>
          </a>
          <div
            className="absolute top-0 left-0 p-2 text-sm font-semibold text-white bg-black/25"
          >
            3
          </div>
          <h3
            className="block absolute bottom-3 p-1 w-full text-sm font-semibold text-white truncate bg-black/25"
          >
            栄養たっぷり小松菜と油揚げのおひたしの作り方
          </h3>
        </div>
      </article>
      <article
        className="px-2"
      >
        <div
          className="relative"
        >
          <a
            aria-label="熊本県産玉ねぎを使った絶品タコライスの作り方"
            href="/articles/q_y-lyvhew"
            onClick={[Function]}
            onMouseEnter={[Function]}
          >
            <span
              style={
                Object {
                  "background": "none",
                  "border": 0,
                  "boxSizing": "border-box",
                  "display": "inline-block",
                  "height": "initial",
                  "margin": 0,
                  "maxWidth": "100%",
                  "opacity": 1,
                  "overflow": "hidden",
                  "padding": 0,
                  "position": "relative",
                  "width": "initial",
                }
              }
            >
              <span
                style={
                  Object {
                    "background": "none",
                    "border": 0,
                    "boxSizing": "border-box",
                    "display": "block",
                    "height": "initial",
                    "margin": 0,
                    "maxWidth": "100%",
                    "opacity": 1,
                    "padding": 0,
                    "width": "initial",
                  }
                }
              >
                <img
                  alt=""
                  aria-hidden={true}
                  src="data:image/svg+xml,%3csvg%20xmlns=%27http://www.w3.org/2000/svg%27%20version=%271.1%27%20width=%27640%27%20height=%27360%27/%3e"
                  style={
                    Object {
                      "background": "none",
                      "border": 0,
                      "display": "block",
                      "height": "initial",
                      "margin": 0,
                      "maxWidth": "100%",
                      "opacity": 1,
                      "padding": 0,
                      "width": "initial",
                    }
                  }
                />
              </span>
              <img
                alt="Cover Image for 熊本県産玉ねぎを使った絶品タコライスの作り方"
                data-nimg="intrinsic"
                decoding="async"
                onError={[Function]}
                onLoad={[Function]}
                src="data:image/gif;base64,R0lGODlhAQABAIAAAAAAAP///yH5BAEAAAAALAAAAAABAAEAAAIBRAA7"
                style={
                  Object {
                    "border": "none",
                    "bottom": 0,
                    "boxSizing": "border-box",
                    "display": "block",
                    "height": 0,
                    "left": 0,
                    "margin": "auto",
                    "maxHeight": "100%",
                    "maxWidth": "100%",
                    "minHeight": "100%",
                    "minWidth": "100%",
                    "objectFit": "cover",
                    "objectPosition": undefined,
                    "padding": 0,
                    "position": "absolute",
                    "right": 0,
                    "top": 0,
                    "width": 0,
                  }
                }
              />
              <noscript>
                <img
                  alt="Cover Image for 熊本県産玉ねぎを使った絶品タコライスの作り方"
                  data-nimg="intrinsic"
                  decoding="async"
                  loading="lazy"
                  src="/_next/image?url=%2F3129120_s.jpg&w=1920&q=75"
                  srcSet="/_next/image?url=%2F3129120_s.jpg&w=640&q=75 1x, /_next/image?url=%2F3129120_s.jpg&w=1920&q=75 2x"
                  style={
                    Object {
                      "border": "none",
                      "bottom": 0,
                      "boxSizing": "border-box",
                      "display": "block",
                      "height": 0,
                      "left": 0,
                      "margin": "auto",
                      "maxHeight": "100%",
                      "maxWidth": "100%",
                      "minHeight": "100%",
                      "minWidth": "100%",
                      "objectFit": "cover",
                      "objectPosition": undefined,
                      "padding": 0,
                      "position": "absolute",
                      "right": 0,
                      "top": 0,
                      "width": 0,
                    }
                  }
                />
              </noscript>
            </span>
          </a>
          <div
            className="absolute top-0 left-0 p-2 text-sm font-semibold text-white bg-black/25"
          >
            4
          </div>
          <h3
            className="block absolute bottom-3 p-1 w-full text-sm font-semibold text-white truncate bg-black/25"
          >
            熊本県産玉ねぎを使った絶品タコライスの作り方
          </h3>
        </div>
      </article>
    </div>
  </section>
</section>
`;
