// Jest Snapshot v1, https://goo.gl/fbAQLP

exports[`components/atoms/meta/HtmlHeadJsonLd snapshot 1`] = `
<script
  dangerouslySetInnerHTML={
    Object {
      "__html": "{\\"@context\\":\\"https://schema.org\\",\\"@type\\":\\"Article\\",\\"datePublished\\":\\"2020-12-12T00:00:00+09:00\\",\\"description\\":\\"だし昆布と鰹節（削り節）から取った出汁は、味噌汁、そば、うどん、煮物、鍋料理など、多くの和食に使用できます。\\",\\"mainEntityOfPage\\":{\\"@type\\":\\"WebPage\\",\\"@id\\":\\"https://food-blog-chi.vercel.app/articles/p97vmuno3jdn\\"},\\"headline\\":\\"基本の一番だしの作り方\\",\\"image\\":[\\"/images/5026416_s.jpg\\"],\\"dateModified\\":\\"2020-12-12T00:00:00+09:00\\",\\"author\\":{\\"@type\\":\\"Person\\",\\"name\\":\\"pandashark\\"}}",
    }
  }
  type="application/ld+json"
/>
`;
