// Jest Snapshot v1, https://goo.gl/fbAQLP

exports[`components/atoms/Tooltip snapshot 1`] = `
<div
  className="group inline-block relative cursor-pointer"
>
  children
  <div
    className="inline-block absolute bg-gray-500 left-1/2 rounded-sm transform -translate-x-1/2 whitespace-nowrap opacity-0 invisible group-hover:visible group-hover:opacity-100 transition ease-in -bottom-4 h-3 w-3 rotate-45"
  />
  <div
    className="inline-block absolute bg-gray-500 left-1/2 rounded-sm transform -translate-x-1/2 whitespace-nowrap opacity-0 invisible group-hover:visible group-hover:opacity-100 transition ease-in -bottom-8 p-1 text-xs leading-snug}"
  >
    label
  </div>
</div>
`;
