// Jest Snapshot v1, https://goo.gl/fbAQLP

exports[`components/atoms/meta/HtmlHeadBase snapshot 1`] = `
Array [
  <title>
    基本の一番だしの作り方 | Food Blog
  </title>,
  <meta
    content="index,follow"
    name="robots"
  />,
  <meta
    content="だし昆布と鰹節（削り節）から取った出汁は、味噌汁、そば、うどん、煮物、鍋料理など、多くの和食に使用できます。"
    name="description"
  />,
  <meta
    content="基本の一番だしの作り方 | Food Blog"
    property="og:title"
  />,
  <meta
    content="だし昆布と鰹節（削り節）から取った出汁は、味噌汁、そば、うどん、煮物、鍋料理など、多くの和食に使用できます。"
    property="og:description"
  />,
  <meta
    content="https://food-blog-chi.vercel.app/articles/p97vmuno3jdn"
    property="og:url"
  />,
  <meta
    content="./images/5026416_s.jpg"
    property="og:image"
  />,
  <meta
    content="#00a300"
    name="msapplication-TileColor"
  />,
  <meta
    content="/favicon/browserconfig.xml"
    name="msapplication-config"
  />,
  <meta
    content="#fff"
    name="theme-color"
  />,
  <link
    href="/favicon/apple-touch-icon.png"
    rel="apple-touch-icon"
    sizes="180x180"
  />,
  <link
    href="/favicon/favicon-32x32.png"
    rel="icon"
    sizes="32x32"
    type="image/png"
  />,
  <link
    href="/favicon/favicon-16x16.png"
    rel="icon"
    sizes="16x16"
    type="image/png"
  />,
  <link
    href="/favicon/favicon.ico"
    rel="icon"
  />,
  <link
    href="/favicon/site.webmanifest"
    rel="manifest"
  />,
  <link
    color="#5bbad5"
    href="/favicon/safari-pinned-tab.svg"
    rel="mask-icon"
  />,
  <link
    href="/feed.xml"
    rel="alternate"
    type="application/rss+xml"
  />,
  <link
    href="https://food-blog-chi.vercel.app/articles/p97vmuno3jdn"
    rel="canonical"
  />,
]
`;
